
> customer-bill@0.0.1 build
> astro build

[2m11:02:17[22m [34m[@astrojs/node][39m Enabling sessions with filesystem storage
[2m11:02:18[22m [34m[content][39m Syncing content
[2m11:02:18[22m [34m[content][39m Synced content
[2m11:02:18[22m [34m[types][39m Generated [2m163ms[22m
[2m11:02:18[22m [34m[build][39m output: [34m"server"[39m
[2m11:02:18[22m [34m[build][39m mode: [34m"server"[39m
[2m11:02:18[22m [34m[build][39m directory: [34mC:\Users\Gateway pc\Desktop\mis proyectos\customer-bill\dist\[39m
[2m11:02:18[22m [34m[build][39m adapter: [32m@astrojs/node[39m
[2m11:02:18[22m [34m[build][39m Collecting build info...
[2m11:02:18[22m [34m[build][39m [32m✓ Completed in 268ms.[39m
[2m11:02:18[22m [34m[build][39m Building server entrypoints...
[31m[1m11:02:20[22m [ERROR] [vite][39m [31m✗[39m Build failed in 2.52s
[astro:build] failed to resolve "extends":"astro/tsconfigs/strict.json" in C:\Users\Gateway pc\Desktop\mis proyectos\customer-bill\tsconfig.json
file: C:/Users/Gateway pc/Desktop/mis proyectos/customer-bill/src/pages/configuracion.astro
  [1mStack trace:[22m
[2m    at resolveExtends (file:///C:/Users/Gateway%20pc/Desktop/mis%20proyectos/customer-bill/node_modules/vite/dist/node/chunks/dep-D4NMHUTW.js:8739:8)
    at parse$e (file:///C:/Users/Gateway%20pc/Desktop/mis%20proyectos/customer-bill/node_modules/vite/dist/node/chunks/dep-D4NMHUTW.js:8531:23)
    at async transformWithEsbuild (file:///C:/Users/Gateway%20pc/Desktop/mis%20proyectos/customer-bill/node_modules/vite/dist/node/chunks/dep-D4NMHUTW.js:9088:60)
    at async Object.transform (file:///C:/Users/Gateway%20pc/Desktop/mis%20proyectos/customer-bill/node_modules/astro/dist/vite-plugin-astro/index.js:188:31)
    at async ModuleLoader.addModuleSource (file:///C:/Users/Gateway%20pc/Desktop/mis%20proyectos/customer-bill/node_modules/rollup/dist/es/shared/node-entry.js:21420:36)[22m
  [1mCaused by:[22m
[2m  Cannot find module 'C:\Users\Gateway pc\Desktop\mis proyectos\customer-bill\node_modules\astro\tsconfigs\strict.json\tsconfig'
    at createEsmNotFoundErr (node:internal/modules/cjs/loader:1437:15)
    at resolveExports (node:internal/modules/cjs/loader:657:14)
    at Function._resolveFilename (node:internal/modules/cjs/loader:1387:27)
    at resolveExtends (file:///C:/Users/Gateway%20pc/Desktop/mis%20proyectos/customer-bill/node_modules/vite/dist/node/chunks/dep-D4NMHUTW.js:8733:15)
    at parse$e (file:///C:/Users/Gateway%20pc/Desktop/mis%20proyectos/customer-bill/node_modules/vite/dist/node/chunks/dep-D4NMHUTW.js:8531:23)[22m
